// Jest Snapshot v1, https://goo.gl/fbAQLP

exports[`Search renders correctly 1`] = `
<DocumentFragment>
  <div
    data-testid="search-component"
  >
    <form
      class="search-form"
    >
      <input
        class="search-input"
        type="text"
      />
      <button
        class="search-button"
        type="submit"
      >
        Search
      </button>
    </form>
  </div>
</DocumentFragment>
`;
